2026-01-03 17:03:36,371 - GhostGym - INFO - Initializing UI Reader...
2026-01-03 17:03:39,373 - GhostGym - INFO - Starting autonomous exploration...
2026-01-03 17:03:39,374 - GhostGym - INFO - Scanning UI tree...
2026-01-03 17:03:46,377 - GhostGym - INFO - Scanning UI tree...
2026-01-03 17:03:54,270 - GhostGym - INFO - Scanning UI tree...
2026-01-03 17:03:54,850 - GhostGym - INFO - Active window: Window: Calculator
2026-01-03 17:03:54,853 - GhostGym - INFO - Target: [36] TabItem: 'There’s nothing saved in memory. Memory'
2026-01-03 17:03:54,976 - GhostGym - INFO - Action result: Clicked [36] 'There’s nothing saved in memory. Memory'
2026-01-03 17:03:56,485 - GhostGym - INFO - Verifying screen change...
2026-01-03 17:03:57,062 - GhostGym - INFO - Scanning UI tree...
2026-01-03 17:03:57,441 - GhostGym - INFO - Active window: Window: Calculator
2026-01-03 17:03:57,442 - GhostGym - INFO - Target: [30] Button: 'Seven'
2026-01-03 17:03:57,549 - GhostGym - INFO - Action result: Clicked [30] 'Seven'
2026-01-03 17:03:59,050 - GhostGym - INFO - Verifying screen change...
2026-01-03 17:03:59,441 - GhostGym - INFO - Scanning UI tree...
2026-01-03 17:03:59,828 - GhostGym - INFO - Active window: Window: Calculator
2026-01-03 17:03:59,829 - GhostGym - INFO - Target: [26] Button: 'Three'
2026-01-03 17:03:59,936 - GhostGym - INFO - Action result: Clicked [26] 'Three'
2026-01-03 17:04:01,437 - GhostGym - INFO - Verifying screen change...
2026-01-03 17:04:02,128 - GhostGym - INFO - Scanning UI tree...
2026-01-03 17:04:02,507 - GhostGym - INFO - Active window: Window: Calculator
2026-01-03 17:04:02,508 - GhostGym - INFO - Target: [30] Button: 'Seven'
2026-01-03 17:04:02,614 - GhostGym - INFO - Action result: Clicked [30] 'Seven'
2026-01-03 17:04:04,115 - GhostGym - INFO - Verifying screen change...
2026-01-03 17:04:04,490 - GhostGym - INFO - Scanning UI tree...
2026-01-03 17:04:04,841 - GhostGym - INFO - Active window: Window: Calculator
2026-01-03 17:04:04,842 - GhostGym - INFO - Target: [20] Button: 'Minus'
2026-01-03 17:04:04,954 - GhostGym - INFO - Action result: Clicked [20] 'Minus'
2026-01-03 17:04:06,456 - GhostGym - INFO - Verifying screen change...
2026-01-03 17:04:07,161 - GhostGym - INFO - Scanning UI tree...
2026-01-03 17:04:07,636 - GhostGym - INFO - Active window: Window: Calculator
2026-01-03 17:04:07,637 - GhostGym - INFO - Target: [26] Button: 'Three'
2026-01-03 17:04:07,744 - GhostGym - INFO - Action result: Clicked [26] 'Three'
2026-01-03 17:04:09,245 - GhostGym - INFO - Verifying screen change...
2026-01-03 17:04:09,624 - GhostGym - INFO - Scanning UI tree...
2026-01-03 17:04:10,002 - GhostGym - INFO - Active window: Window: Calculator
2026-01-03 17:04:10,003 - GhostGym - INFO - Target: [27] Button: 'Four'
2026-01-03 17:04:10,111 - GhostGym - INFO - Action result: Clicked [27] 'Four'
2026-01-03 17:04:11,612 - GhostGym - INFO - Verifying screen change...
2026-01-03 17:04:11,971 - GhostGym - INFO - Scanning UI tree...
2026-01-03 17:04:12,306 - GhostGym - INFO - Active window: Window: Calculator
2026-01-03 17:04:12,307 - GhostGym - INFO - Target: [13] Button: 'Clear'
2026-01-03 17:04:12,418 - GhostGym - INFO - Action result: Clicked [13] 'Clear'
2026-01-03 17:04:13,919 - GhostGym - INFO - Verifying screen change...
2026-01-03 17:04:14,312 - GhostGym - INFO - Scanning UI tree...
2026-01-03 17:04:14,637 - GhostGym - INFO - Active window: Window: Calculator
2026-01-03 17:04:14,638 - GhostGym - INFO - Target: [21] Button: 'Plus'
2026-01-03 17:04:14,746 - GhostGym - INFO - Action result: Clicked [21] 'Plus'
2026-01-03 17:04:16,247 - GhostGym - INFO - Verifying screen change...
2026-01-03 17:04:16,927 - GhostGym - INFO - Scanning UI tree...
2026-01-03 17:04:17,584 - GhostGym - INFO - Active window: Window: Calculator
2026-01-03 17:04:17,585 - GhostGym - INFO - Target: [5] Button: 'Open Navigation'
2026-01-03 17:04:18,571 - GhostGym - INFO - Action result: Clicked [5] 'Open Navigation'
2026-01-03 17:04:20,073 - GhostGym - INFO - Verifying screen change...
2026-01-03 17:04:22,556 - GhostGym - INFO - [36m[+] Saved: 'Click Open Navigation button' -> ID 5[0m
2026-01-03 17:04:22,557 - GhostGym - INFO - Scanning UI tree...
2026-01-03 17:04:22,869 - GhostGym - INFO - Active window: Window: Calculator
2026-01-03 17:04:22,869 - GhostGym - INFO - Target: [7] Button: 'Memory recall'
2026-01-03 17:04:22,990 - GhostGym - INFO - Action result: Clicked [7] 'Memory recall'
2026-01-03 17:04:24,491 - GhostGym - INFO - Verifying screen change...
2026-01-03 17:04:25,194 - GhostGym - INFO - Scanning UI tree...
2026-01-03 17:04:25,595 - GhostGym - INFO - Active window: Window: Calculator
2026-01-03 17:04:25,596 - GhostGym - INFO - Target: [4] Button: 'Close Calculator'
2026-01-03 17:04:25,714 - GhostGym - INFO - Action result: Clicked [4] 'Close Calculator'
2026-01-03 17:04:27,216 - GhostGym - INFO - Verifying screen change...
2026-01-03 17:04:29,474 - GhostGym - INFO - [36m[+] Saved: 'Click Close Calculator button' -> ID 4[0m
2026-01-03 17:04:29,475 - GhostGym - INFO - Scanning UI tree...
2026-01-03 17:04:34,932 - GhostGym - INFO - Scanning UI tree...
2026-01-03 17:04:41,034 - GhostGym - INFO - Scanning UI tree...
2026-01-03 17:04:46,660 - GhostGym - INFO - Scanning UI tree...
2026-01-03 17:04:47,086 - GhostGym - INFO - Active window: Window: Calculator
2026-01-03 17:04:47,087 - GhostGym - INFO - Target: [30] Button: 'Five'
2026-01-03 17:04:47,215 - GhostGym - INFO - Action result: Clicked [30] 'Five'
2026-01-03 17:04:48,716 - GhostGym - INFO - Verifying screen change...
2026-01-03 17:04:49,403 - GhostGym - INFO - Scanning UI tree...
2026-01-03 17:04:50,055 - GhostGym - INFO - Active window: Window: Calculator
2026-01-03 17:04:50,056 - GhostGym - INFO - Target: [24] Button: 'Equals'
2026-01-03 17:04:50,184 - GhostGym - INFO - Action result: Clicked [24] 'Equals'
2026-01-03 17:04:51,686 - GhostGym - INFO - Verifying screen change...
2026-01-03 17:04:52,042 - GhostGym - INFO - Scanning UI tree...
2026-01-03 17:04:52,397 - GhostGym - INFO - Active window: Window: Calculator
2026-01-03 17:04:52,398 - GhostGym - INFO - Target: [35] Button: 'Decimal separator'
2026-01-03 17:04:52,506 - GhostGym - INFO - Action result: Clicked [35] 'Decimal separator'
2026-01-03 17:04:54,008 - GhostGym - INFO - Verifying screen change...
2026-01-03 17:04:54,391 - GhostGym - INFO - Scanning UI tree...
2026-01-03 17:04:54,754 - GhostGym - INFO - Active window: Window: Calculator
2026-01-03 17:04:54,755 - GhostGym - INFO - Target: [11] Button: 'Memory store'
2026-01-03 17:04:54,871 - GhostGym - INFO - Action result: Clicked [11] 'Memory store'
2026-01-03 17:04:56,373 - GhostGym - INFO - Verifying screen change...
2026-01-03 17:04:57,050 - GhostGym - INFO - Scanning UI tree...
2026-01-03 17:04:57,661 - GhostGym - INFO - Active window: Window: Calculator
2026-01-03 17:04:57,662 - GhostGym - INFO - Target: [20] Button: 'Divide by'
2026-01-03 17:04:57,780 - GhostGym - INFO - Action result: Clicked [20] 'Divide by'
2026-01-03 17:04:59,281 - GhostGym - INFO - Verifying screen change...
2026-01-03 17:04:59,956 - GhostGym - INFO - Scanning UI tree...
2026-01-03 17:05:00,363 - GhostGym - INFO - Active window: Window: Calculator
2026-01-03 17:05:00,364 - GhostGym - INFO - Target: [6] Button: 'Open history flyout'
2026-01-03 17:05:00,473 - GhostGym - INFO - Action result: Clicked [6] 'Open history flyout'
2026-01-03 17:05:01,974 - GhostGym - INFO - Verifying screen change...
2026-01-03 17:05:02,463 - GhostGym - INFO - [36m[+] Saved: 'Click Open history flyout button' -> ID 6[0m
2026-01-03 17:05:02,464 - GhostGym - INFO - Scanning UI tree...
2026-01-03 17:05:02,878 - GhostGym - INFO - Active window: Window: Calculator
2026-01-03 17:05:02,879 - GhostGym - INFO - Target: [17] Button: 'Clear entry'
2026-01-03 17:05:02,988 - GhostGym - INFO - Action result: Clicked [17] 'Clear entry'
2026-01-03 17:05:04,490 - GhostGym - INFO - Verifying screen change...
2026-01-03 17:05:04,910 - GhostGym - INFO - Scanning UI tree...
2026-01-03 17:05:05,256 - GhostGym - INFO - Active window: Window: Calculator
2026-01-03 17:05:05,257 - GhostGym - INFO - Target: [25] Button: 'Minus'
2026-01-03 17:05:05,367 - GhostGym - INFO - Action result: Clicked [25] 'Minus'
2026-01-03 17:05:06,869 - GhostGym - INFO - Verifying screen change...
2026-01-03 17:05:07,315 - GhostGym - INFO - Scanning UI tree...
2026-01-03 17:05:07,650 - GhostGym - INFO - Active window: Window: Calculator
2026-01-03 17:05:07,651 - GhostGym - INFO - Target: [10] Button: 'Clear all memory'
2026-01-03 17:05:07,758 - GhostGym - INFO - Action result: Clicked [10] 'Clear all memory'
2026-01-03 17:05:09,259 - GhostGym - INFO - Verifying screen change...
2026-01-03 17:05:09,979 - GhostGym - INFO - [36m[+] Saved: 'Click Clear all memory button' -> ID 10[0m
2026-01-03 17:05:09,980 - GhostGym - INFO - Scanning UI tree...
2026-01-03 17:05:10,706 - GhostGym - INFO - Active window: Window: Calculator
2026-01-03 17:05:10,707 - GhostGym - INFO - Target: [14] Button: 'Clear entry'
2026-01-03 17:05:10,833 - GhostGym - INFO - Action result: Clicked [14] 'Clear entry'
2026-01-03 17:05:12,334 - GhostGym - INFO - Verifying screen change...
2026-01-03 17:05:12,687 - GhostGym - INFO - Scanning UI tree...
2026-01-03 17:05:13,053 - GhostGym - INFO - Active window: Window: Calculator
2026-01-03 17:05:13,055 - GhostGym - INFO - Target: [2] Button: 'Minimize Calculator'
2026-01-03 17:05:13,174 - GhostGym - INFO - Action result: Clicked [2] 'Minimize Calculator'
2026-01-03 17:05:14,676 - GhostGym - INFO - Verifying screen change...
2026-01-03 17:05:30,722 - GhostGym - INFO - [36m[+] Saved: 'Click Minimize Calculator button' -> ID 2[0m
2026-01-03 17:05:30,724 - GhostGym - INFO - Scanning UI tree...
2026-01-03 17:05:36,364 - GhostGym - INFO - Scanning UI tree...
2026-01-03 17:05:42,982 - GhostGym - INFO - Scanning UI tree...
2026-01-03 17:05:47,133 - GhostGym - INFO - Scanning UI tree...
2026-01-03 17:05:53,132 - GhostGym - INFO - Scanning UI tree...
2026-01-03 17:05:53,606 - GhostGym - INFO - Active window: Window: Calculator
2026-01-03 17:05:53,607 - GhostGym - INFO - Target: [3] Button: 'Maximize Calculator'
2026-01-03 17:05:53,734 - GhostGym - INFO - Action result: Clicked [3] 'Maximize Calculator'
2026-01-03 17:05:55,235 - GhostGym - INFO - Verifying screen change...
2026-01-03 17:05:55,745 - GhostGym - INFO - [36m[+] Saved: 'Click Maximize Calculator button' -> ID 3[0m
2026-01-03 17:05:55,746 - GhostGym - INFO - Scanning UI tree...
2026-01-03 17:05:56,078 - GhostGym - INFO - Active window: Window: Calculator
2026-01-03 17:05:56,079 - GhostGym - INFO - Target: [26] Button: 'Three'
2026-01-03 17:05:56,191 - GhostGym - INFO - Action result: Clicked [26] 'Three'
2026-01-03 17:05:57,692 - GhostGym - INFO - Verifying screen change...
2026-01-03 17:05:58,312 - GhostGym - INFO - Scanning UI tree...
2026-01-03 17:05:58,695 - GhostGym - INFO - Active window: Window: Calculator
2026-01-03 17:05:58,696 - GhostGym - INFO - Target: [37] Button: 'Clear all history'
2026-01-03 17:05:58,804 - GhostGym - INFO - Action result: Clicked [37] 'Clear all history'
2026-01-03 17:06:00,305 - GhostGym - INFO - Verifying screen change...
2026-01-03 17:06:00,719 - GhostGym - INFO - [36m[+] Saved: 'Click Clear all history button' -> ID 37[0m
2026-01-03 17:06:00,720 - GhostGym - INFO - Scanning UI tree...
2026-01-03 17:06:01,063 - GhostGym - INFO - Active window: Window: Calculator
2026-01-03 17:06:01,064 - GhostGym - INFO - Target: [29] Button: 'Six'
2026-01-03 17:06:01,193 - GhostGym - INFO - Action result: Clicked [29] 'Six'
2026-01-03 17:06:02,694 - GhostGym - INFO - Verifying screen change...
2026-01-03 17:06:03,303 - GhostGym - INFO - Scanning UI tree...
2026-01-03 17:06:03,656 - GhostGym - INFO - Active window: Window: Calculator
2026-01-03 17:06:03,657 - GhostGym - INFO - Target: [9] Button: 'Memory subtract'
2026-01-03 17:06:03,769 - GhostGym - INFO - Action result: Clicked [9] 'Memory subtract'
2026-01-03 17:06:05,270 - GhostGym - INFO - Verifying screen change...
2026-01-03 17:06:05,953 - GhostGym - INFO - Scanning UI tree...
2026-01-03 17:06:06,364 - GhostGym - INFO - Active window: Window: Calculator
2026-01-03 17:06:06,364 - GhostGym - INFO - Target: [11] Button: 'Percent'
2026-01-03 17:06:06,475 - GhostGym - INFO - Action result: Clicked [11] 'Percent'
2026-01-03 17:06:07,976 - GhostGym - INFO - Verifying screen change...
2026-01-03 17:06:08,486 - GhostGym - INFO - Scanning UI tree...
2026-01-03 17:06:08,838 - GhostGym - INFO - Active window: Window: Calculator
2026-01-03 17:06:08,840 - GhostGym - INFO - Target: [29] Button: 'Six'
2026-01-03 17:06:08,949 - GhostGym - INFO - Action result: Clicked [29] 'Six'
2026-01-03 17:06:10,450 - GhostGym - INFO - Verifying screen change...
2026-01-03 17:06:11,117 - GhostGym - INFO - Scanning UI tree...
2026-01-03 17:06:11,698 - GhostGym - INFO - Active window: Window: Calculator
2026-01-03 17:06:11,698 - GhostGym - INFO - Target: [19] Button: 'Multiply by'
2026-01-03 17:06:11,806 - GhostGym - INFO - Action result: Clicked [19] 'Multiply by'
2026-01-03 17:06:13,308 - GhostGym - INFO - Verifying screen change...
2026-01-03 17:06:13,679 - GhostGym - INFO - [36m[+] Saved: 'Click Multiply by button' -> ID 19[0m
2026-01-03 17:06:13,680 - GhostGym - INFO - Scanning UI tree...
2026-01-03 17:06:14,026 - GhostGym - INFO - Active window: Window: Calculator
2026-01-03 17:06:14,027 - GhostGym - INFO - Target: [21] Button: 'Plus'
2026-01-03 17:06:14,141 - GhostGym - INFO - Action result: Clicked [21] 'Plus'
2026-01-03 17:06:15,642 - GhostGym - INFO - Verifying screen change...
2026-01-03 17:06:16,121 - GhostGym - INFO - Scanning UI tree...
2026-01-03 17:06:16,516 - GhostGym - INFO - Active window: Window: Calculator
2026-01-03 17:06:16,516 - GhostGym - INFO - Target: [20] Button: 'Minus'
2026-01-03 17:06:16,624 - GhostGym - INFO - Action result: Clicked [20] 'Minus'
2026-01-03 17:06:18,126 - GhostGym - INFO - Verifying screen change...
2026-01-03 17:06:18,783 - GhostGym - INFO - Scanning UI tree...
2026-01-03 17:06:19,221 - GhostGym - INFO - Active window: Window: Calculator
2026-01-03 17:06:19,222 - GhostGym - INFO - Target: [34] Button: 'Positive negative'
2026-01-03 17:06:19,330 - GhostGym - INFO - Action result: Clicked [34] 'Positive negative'
2026-01-03 17:06:20,831 - GhostGym - INFO - Verifying screen change...
2026-01-03 17:06:22,916 - GhostGym - INFO - Ghost Gym session ended.
