2026-01-03 11:55:13,921 - GhostGym - INFO - Initializing UI Reader...
2026-01-03 11:55:16,922 - GhostGym - INFO - Starting autonomous exploration...
2026-01-03 11:55:16,925 - GhostGym - INFO - Scanning UI tree...
2026-01-03 11:55:22,145 - GhostGym - INFO - Scanning UI tree...
2026-01-03 11:55:22,787 - GhostGym - INFO - Active window: Window: Calculator
2026-01-03 11:55:22,788 - GhostGym - INFO - Target: [25] Button: 'Zero'
2026-01-03 11:55:23,003 - GhostGym - INFO - Action result: Clicked [25] 'Zero'
2026-01-03 11:55:24,504 - GhostGym - INFO - Verifying screen change...
2026-01-03 11:55:25,151 - GhostGym - INFO - Scanning UI tree...
2026-01-03 11:55:25,553 - GhostGym - INFO - Active window: Window: Calculator
2026-01-03 11:55:25,555 - GhostGym - INFO - Target: [9] Button: 'Memory add'
2026-01-03 11:55:25,680 - GhostGym - INFO - Action result: Clicked [9] 'Memory add'
2026-01-03 11:55:27,181 - GhostGym - INFO - Verifying screen change...
2026-01-03 11:55:27,830 - GhostGym - INFO - Scanning UI tree...
2026-01-03 11:55:28,472 - GhostGym - INFO - Active window: Window: Calculator
2026-01-03 11:55:28,474 - GhostGym - INFO - Target: [15] Button: 'Clear'
2026-01-03 11:55:28,588 - GhostGym - INFO - Action result: Clicked [15] 'Clear'
2026-01-03 11:55:30,090 - GhostGym - INFO - Verifying screen change...
2026-01-03 11:55:30,737 - GhostGym - INFO - Scanning UI tree...
2026-01-03 11:55:31,224 - GhostGym - INFO - Active window: Window: Calculator
2026-01-03 11:55:31,225 - GhostGym - INFO - Target: [30] Button: 'Five'
2026-01-03 11:55:31,349 - GhostGym - INFO - Action result: Clicked [30] 'Five'
2026-01-03 11:55:32,850 - GhostGym - INFO - Verifying screen change...
2026-01-03 11:55:33,357 - GhostGym - INFO - Scanning UI tree...
2026-01-03 11:55:33,708 - GhostGym - INFO - Active window: Window: Calculator
2026-01-03 11:55:33,709 - GhostGym - INFO - Target: [2] Button: 'Minimize Calculator'
2026-01-03 11:55:33,827 - GhostGym - INFO - Action result: Clicked [2] 'Minimize Calculator'
2026-01-03 11:55:35,334 - GhostGym - INFO - Verifying screen change...
2026-01-03 11:55:37,924 - GhostGym - INFO - [36m[+] Saved: 'Click Minimize Calculator button' -> ID 2[0m
2026-01-03 11:55:37,925 - GhostGym - INFO - Scanning UI tree...
2026-01-03 11:55:42,416 - GhostGym - INFO - Scanning UI tree...
2026-01-03 11:55:47,157 - GhostGym - INFO - Scanning UI tree...
2026-01-03 11:55:51,829 - GhostGym - INFO - Scanning UI tree...
2026-01-03 11:55:56,553 - GhostGym - INFO - Scanning UI tree...
2026-01-03 11:56:01,814 - GhostGym - INFO - Scanning UI tree...
2026-01-03 11:56:06,580 - GhostGym - INFO - Scanning UI tree...
2026-01-03 11:56:11,266 - GhostGym - INFO - Scanning UI tree...
2026-01-03 11:56:15,949 - GhostGym - INFO - Scanning UI tree...
2026-01-03 11:56:20,664 - GhostGym - INFO - Scanning UI tree...
2026-01-03 11:56:23,936 - GhostGym - INFO - Scanning UI tree...
2026-01-03 11:56:27,167 - GhostGym - INFO - Scanning UI tree...
2026-01-03 11:56:30,402 - GhostGym - INFO - Scanning UI tree...
2026-01-03 11:56:33,958 - GhostGym - INFO - Scanning UI tree...
2026-01-03 11:56:34,188 - GhostGym - INFO - Active window: Window: Calculator
2026-01-03 11:56:34,189 - GhostGym - INFO - Target: [2] Button: 'Minimize Calculator'
2026-01-03 11:56:34,493 - GhostGym - INFO - Action result: Clicked [2] 'Minimize Calculator'
2026-01-03 11:56:35,994 - GhostGym - INFO - Verifying screen change...
2026-01-03 11:56:37,829 - GhostGym - INFO - [36m[+] Saved: 'Click Minimize Calculator button' -> ID 2[0m
2026-01-03 11:56:37,830 - GhostGym - INFO - Scanning UI tree...
2026-01-03 11:56:38,052 - GhostGym - INFO - Active window: Window: Calculator
2026-01-03 11:56:38,053 - GhostGym - INFO - Target: [13] Button: 'Percent'
2026-01-03 11:56:38,267 - GhostGym - INFO - Action result: Clicked [13] 'Percent'
2026-01-03 11:56:39,768 - GhostGym - INFO - Verifying screen change...
2026-01-03 11:56:39,996 - GhostGym - INFO - Scanning UI tree...
2026-01-03 11:56:40,220 - GhostGym - INFO - Active window: Window: Calculator
2026-01-03 11:56:40,221 - GhostGym - INFO - Target: [19] Button: 'Square root'
2026-01-03 11:56:40,327 - GhostGym - INFO - Action result: Clicked [19] 'Square root'
2026-01-03 11:56:41,828 - GhostGym - INFO - Verifying screen change...
2026-01-03 11:56:42,051 - GhostGym - INFO - Scanning UI tree...
2026-01-03 11:56:42,266 - GhostGym - INFO - Active window: Window: Calculator
2026-01-03 11:56:42,267 - GhostGym - INFO - Target: [21] Button: 'Multiply by'
2026-01-03 11:56:42,373 - GhostGym - INFO - Action result: Clicked [21] 'Multiply by'
2026-01-03 11:56:43,874 - GhostGym - INFO - Verifying screen change...
2026-01-03 11:56:44,089 - GhostGym - INFO - Scanning UI tree...
2026-01-03 11:56:44,307 - GhostGym - INFO - Active window: Window: Calculator
2026-01-03 11:56:44,308 - GhostGym - INFO - Target: [21] Button: 'Multiply by'
2026-01-03 11:56:44,412 - GhostGym - INFO - Action result: Clicked [21] 'Multiply by'
2026-01-03 11:56:45,913 - GhostGym - INFO - Verifying screen change...
2026-01-03 11:56:46,135 - GhostGym - INFO - Scanning UI tree...
2026-01-03 11:56:46,350 - GhostGym - INFO - Active window: Window: Calculator
2026-01-03 11:56:46,351 - GhostGym - INFO - Target: [35] Button: 'Decimal separator'
2026-01-03 11:56:46,456 - GhostGym - INFO - Action result: Clicked [35] 'Decimal separator'
2026-01-03 11:56:47,957 - GhostGym - INFO - Verifying screen change...
2026-01-03 11:56:48,173 - GhostGym - INFO - Scanning UI tree...
2026-01-03 11:56:48,378 - GhostGym - INFO - Active window: Window: Calculator
2026-01-03 11:56:48,379 - GhostGym - INFO - Target: [32] Button: 'Seven'
2026-01-03 11:56:48,489 - GhostGym - INFO - Action result: Clicked [32] 'Seven'
2026-01-03 11:56:49,990 - GhostGym - INFO - Verifying screen change...
2026-01-03 11:56:50,207 - GhostGym - INFO - Scanning UI tree...
2026-01-03 11:56:50,418 - GhostGym - INFO - Active window: Window: Calculator
2026-01-03 11:56:50,419 - GhostGym - INFO - Target: [36] Button: 'Positive negative'
2026-01-03 11:56:50,525 - GhostGym - INFO - Action result: Clicked [36] 'Positive negative'
2026-01-03 11:56:52,026 - GhostGym - INFO - Verifying screen change...
2026-01-03 11:56:52,252 - GhostGym - INFO - Scanning UI tree...
2026-01-03 11:56:52,481 - GhostGym - INFO - Active window: Window: Calculator
2026-01-03 11:56:52,482 - GhostGym - INFO - Target: [3] Button: 'Maximize Calculator'
2026-01-03 11:56:52,586 - GhostGym - INFO - Action result: Clicked [3] 'Maximize Calculator'
2026-01-03 11:56:54,087 - GhostGym - INFO - Verifying screen change...
2026-01-03 11:56:54,321 - GhostGym - INFO - [36m[+] Saved: 'Click Maximize Calculator button' -> ID 3[0m
2026-01-03 11:56:54,322 - GhostGym - INFO - Scanning UI tree...
2026-01-03 11:56:54,541 - GhostGym - INFO - Active window: Window: Calculator
2026-01-03 11:56:54,541 - GhostGym - INFO - Target: [11] Button: 'Percent'
2026-01-03 11:56:54,656 - GhostGym - INFO - Action result: Clicked [11] 'Percent'
2026-01-03 11:56:56,157 - GhostGym - INFO - Verifying screen change...
2026-01-03 11:56:56,382 - GhostGym - INFO - Scanning UI tree...
2026-01-03 11:56:56,590 - GhostGym - INFO - Active window: Window: Calculator
2026-01-03 11:56:56,590 - GhostGym - INFO - Target: [12] Button: 'Clear entry'
2026-01-03 11:56:56,696 - GhostGym - INFO - Action result: Clicked [12] 'Clear entry'
2026-01-03 11:56:58,197 - GhostGym - INFO - Verifying screen change...
2026-01-03 11:56:58,416 - GhostGym - INFO - Scanning UI tree...
2026-01-03 11:56:58,628 - GhostGym - INFO - Active window: Window: Calculator
2026-01-03 11:56:58,628 - GhostGym - INFO - Target: [32] Button: 'Nine'
2026-01-03 11:56:58,734 - GhostGym - INFO - Action result: Clicked [32] 'Nine'
2026-01-03 11:57:00,236 - GhostGym - INFO - Verifying screen change...
2026-01-03 11:57:00,458 - GhostGym - INFO - Scanning UI tree...
2026-01-03 11:57:00,674 - GhostGym - INFO - Active window: Window: Calculator
2026-01-03 11:57:00,674 - GhostGym - INFO - Target: [36] TabItem: 'Memory'
2026-01-03 11:57:00,779 - GhostGym - INFO - Action result: Clicked [36] 'Memory'
2026-01-03 11:57:02,280 - GhostGym - INFO - Verifying screen change...
2026-01-03 11:57:02,514 - GhostGym - INFO - [36m[+] Saved: 'Switch to Memory tab' -> ID 36[0m
2026-01-03 11:57:02,516 - GhostGym - INFO - Scanning UI tree...
2026-01-03 11:57:02,728 - GhostGym - INFO - Active window: Window: Calculator
2026-01-03 11:57:02,729 - GhostGym - INFO - Target: [18] Button: 'Divide by'
2026-01-03 11:57:02,834 - GhostGym - INFO - Action result: Clicked [18] 'Divide by'
2026-01-03 11:57:04,335 - GhostGym - INFO - Verifying screen change...
2026-01-03 11:57:04,572 - GhostGym - INFO - [36m[+] Saved: 'Click Divide by button' -> ID 18[0m
2026-01-03 11:57:04,574 - GhostGym - INFO - Scanning UI tree...
2026-01-03 11:57:04,799 - GhostGym - INFO - Active window: Window: Calculator
2026-01-03 11:57:04,799 - GhostGym - INFO - Target: [28] Button: 'Five'
2026-01-03 11:57:04,905 - GhostGym - INFO - Action result: Clicked [28] 'Five'
2026-01-03 11:57:06,407 - GhostGym - INFO - Verifying screen change...
2026-01-03 11:57:06,634 - GhostGym - INFO - Scanning UI tree...
2026-01-03 11:57:06,863 - GhostGym - INFO - Active window: Window: Calculator
2026-01-03 11:57:06,863 - GhostGym - INFO - Target: [39] Button: 'Keep on top'
2026-01-03 11:57:06,972 - GhostGym - INFO - Action result: Clicked [39] 'Keep on top'
2026-01-03 11:57:08,473 - GhostGym - INFO - Verifying screen change...
2026-01-03 11:57:08,662 - GhostGym - INFO - [36m[+] Saved: 'Click Keep on top button' -> ID 39[0m
2026-01-03 11:57:08,663 - GhostGym - INFO - Scanning UI tree...
2026-01-03 11:57:08,881 - GhostGym - INFO - Active window: Window: Calculator
2026-01-03 11:57:08,881 - GhostGym - INFO - Target: [12] Button: 'Multiply by'
2026-01-03 11:57:09,001 - GhostGym - INFO - Action result: Clicked [12] 'Multiply by'
2026-01-03 11:57:10,503 - GhostGym - INFO - Verifying screen change...
2026-01-03 11:57:10,703 - GhostGym - INFO - Scanning UI tree...
2026-01-03 11:57:10,891 - GhostGym - INFO - Active window: Window: Calculator
2026-01-03 11:57:10,892 - GhostGym - INFO - Target: [16] Button: 'Zero'
2026-01-03 11:57:10,997 - GhostGym - INFO - Action result: Clicked [16] 'Zero'
2026-01-03 11:57:12,498 - GhostGym - INFO - Verifying screen change...
2026-01-03 11:57:12,694 - GhostGym - INFO - Scanning UI tree...
2026-01-03 11:57:12,887 - GhostGym - INFO - Active window: Window: Calculator
2026-01-03 11:57:12,894 - GhostGym - INFO - Target: [3] Button: 'Back to full view'
2026-01-03 11:57:13,000 - GhostGym - INFO - Action result: Clicked [3] 'Back to full view'
2026-01-03 11:57:14,501 - GhostGym - INFO - Verifying screen change...
2026-01-03 11:57:14,722 - GhostGym - INFO - [36m[+] Saved: 'Click Back to full view button' -> ID 3[0m
2026-01-03 11:57:14,723 - GhostGym - INFO - Scanning UI tree...
2026-01-03 11:57:14,936 - GhostGym - INFO - Active window: Window: Calculator
2026-01-03 11:57:14,936 - GhostGym - INFO - Target: [30] Button: 'Seven'
2026-01-03 11:57:15,051 - GhostGym - INFO - Action result: Clicked [30] 'Seven'
2026-01-03 11:57:16,553 - GhostGym - INFO - Verifying screen change...
2026-01-03 11:57:16,774 - GhostGym - INFO - Scanning UI tree...
2026-01-03 11:57:17,003 - GhostGym - INFO - Active window: Window: Calculator
2026-01-03 11:57:17,003 - GhostGym - INFO - Target: [22] Button: 'Equals'
2026-01-03 11:57:17,109 - GhostGym - INFO - Action result: Clicked [22] 'Equals'
2026-01-03 11:57:18,610 - GhostGym - INFO - Verifying screen change...
2026-01-03 11:57:18,832 - GhostGym - INFO - Scanning UI tree...
2026-01-03 11:57:19,050 - GhostGym - INFO - Active window: Window: Calculator
2026-01-03 11:57:19,050 - GhostGym - INFO - Target: [23] Button: 'Zero'
2026-01-03 11:57:19,156 - GhostGym - INFO - Action result: Clicked [23] 'Zero'
2026-01-03 11:57:20,657 - GhostGym - INFO - Verifying screen change...
2026-01-03 11:57:20,880 - GhostGym - INFO - Scanning UI tree...
2026-01-03 11:57:21,094 - GhostGym - INFO - Active window: Window: Calculator
2026-01-03 11:57:21,095 - GhostGym - INFO - Target: [36] TabItem: 'Memory'
2026-01-03 11:57:21,202 - GhostGym - INFO - Action result: Clicked [36] 'Memory'
2026-01-03 11:57:22,703 - GhostGym - INFO - Verifying screen change...
2026-01-03 11:57:22,933 - GhostGym - INFO - Scanning UI tree...
2026-01-03 11:57:23,159 - GhostGym - INFO - Active window: Window: Calculator
2026-01-03 11:57:23,161 - GhostGym - INFO - Target: [21] Button: 'Plus'
2026-01-03 11:57:23,267 - GhostGym - INFO - Action result: Clicked [21] 'Plus'
2026-01-03 11:57:24,768 - GhostGym - INFO - Verifying screen change...
2026-01-03 11:57:25,000 - GhostGym - INFO - Scanning UI tree...
2026-01-03 11:57:25,218 - GhostGym - INFO - Active window: Window: Calculator
2026-01-03 11:57:25,219 - GhostGym - INFO - Target: [2] Button: 'Minimize Calculator'
2026-01-03 11:57:25,323 - GhostGym - INFO - Action result: Clicked [2] 'Minimize Calculator'
2026-01-03 11:57:26,824 - GhostGym - INFO - Verifying screen change...
2026-01-03 11:57:33,110 - GhostGym - INFO - [36m[+] Saved: 'Click Minimize Calculator button' -> ID 2[0m
2026-01-03 11:57:33,110 - GhostGym - INFO - Scanning UI tree...
2026-01-03 11:57:36,416 - GhostGym - INFO - Scanning UI tree...
2026-01-03 11:57:52,878 - GhostGym - INFO - Scanning UI tree...
2026-01-03 11:57:56,113 - GhostGym - INFO - Scanning UI tree...
2026-01-03 11:57:56,460 - GhostGym - INFO - Active window: Window: Calculator
2026-01-03 11:57:56,460 - GhostGym - INFO - Target: [27] Button: 'Four'
2026-01-03 11:57:56,576 - GhostGym - INFO - Action result: Clicked [27] 'Four'
2026-01-03 11:57:58,077 - GhostGym - INFO - Verifying screen change...
2026-01-03 11:57:58,282 - GhostGym - INFO - Scanning UI tree...
2026-01-03 11:57:58,486 - GhostGym - INFO - Active window: Window: Calculator
2026-01-03 11:57:58,486 - GhostGym - INFO - Target: [25] Button: 'Two'
2026-01-03 11:57:58,592 - GhostGym - INFO - Action result: Clicked [25] 'Two'
2026-01-03 11:58:00,093 - GhostGym - INFO - Verifying screen change...
2026-01-03 11:58:00,306 - GhostGym - INFO - Scanning UI tree...
2026-01-03 11:58:00,513 - GhostGym - INFO - Active window: Window: Calculator
2026-01-03 11:58:00,514 - GhostGym - INFO - Target: [1] MenuItem: 'System'
2026-01-03 11:58:00,619 - GhostGym - INFO - Action result: Clicked [1] 'System'
2026-01-03 11:58:02,120 - GhostGym - INFO - Verifying screen change...
2026-01-03 11:58:02,354 - GhostGym - INFO - Scanning UI tree...
2026-01-03 11:58:02,588 - GhostGym - INFO - Active window: Window: Calculator
2026-01-03 11:58:02,588 - GhostGym - INFO - Target: [10] Button: 'Memory store'
2026-01-03 11:58:02,694 - GhostGym - INFO - Action result: Clicked [10] 'Memory store'
2026-01-03 11:58:04,195 - GhostGym - INFO - Verifying screen change...
2026-01-03 11:58:04,424 - GhostGym - INFO - [36m[+] Saved: 'Click Memory store button' -> ID 10[0m
2026-01-03 11:58:04,425 - GhostGym - INFO - Scanning UI tree...
2026-01-03 11:58:04,649 - GhostGym - INFO - Active window: Window: Calculator
2026-01-03 11:58:04,650 - GhostGym - INFO - Target: [31] Button: 'Eight'
2026-01-03 11:58:04,768 - GhostGym - INFO - Action result: Clicked [31] 'Eight'
2026-01-03 11:58:06,269 - GhostGym - INFO - Verifying screen change...
2026-01-03 11:58:06,502 - GhostGym - INFO - Scanning UI tree...
2026-01-03 11:58:06,731 - GhostGym - INFO - Active window: Window: Calculator
2026-01-03 11:58:06,731 - GhostGym - INFO - Target: [9] Button: 'Memory subtract'
2026-01-03 11:58:06,837 - GhostGym - INFO - Action result: Clicked [9] 'Memory subtract'
2026-01-03 11:58:08,338 - GhostGym - INFO - Verifying screen change...
2026-01-03 11:58:08,555 - GhostGym - INFO - [36m[+] Saved: 'Click Memory subtract button' -> ID 9[0m
2026-01-03 11:58:08,556 - GhostGym - INFO - Scanning UI tree...
2026-01-03 11:58:08,778 - GhostGym - INFO - Active window: Window: Calculator
2026-01-03 11:58:08,779 - GhostGym - INFO - Target: [38] ListItem: '0'
2026-01-03 11:58:08,884 - GhostGym - INFO - Action result: Clicked [38] '0'
2026-01-03 11:58:10,385 - GhostGym - INFO - Verifying screen change...
2026-01-03 11:58:10,607 - GhostGym - INFO - Scanning UI tree...
2026-01-03 11:58:10,847 - GhostGym - INFO - Active window: Window: Calculator
2026-01-03 11:58:10,848 - GhostGym - INFO - Target: [20] Button: 'Minus'
2026-01-03 11:58:10,953 - GhostGym - INFO - Action result: Clicked [20] 'Minus'
2026-01-03 11:58:12,455 - GhostGym - INFO - Verifying screen change...
2026-01-03 11:58:12,690 - GhostGym - INFO - Scanning UI tree...
2026-01-03 11:58:12,921 - GhostGym - INFO - Active window: Window: Calculator
2026-01-03 11:58:12,921 - GhostGym - INFO - Target: [39] Button: 'Clear all memory'
2026-01-03 11:58:13,027 - GhostGym - INFO - Action result: Clicked [39] 'Clear all memory'
2026-01-03 11:58:14,528 - GhostGym - INFO - Verifying screen change...
2026-01-03 11:58:14,759 - GhostGym - INFO - [36m[+] Saved: 'Click Clear all memory button' -> ID 39[0m
2026-01-03 11:58:14,761 - GhostGym - INFO - Scanning UI tree...
2026-01-03 11:58:14,990 - GhostGym - INFO - Active window: Window: Calculator
2026-01-03 11:58:14,990 - GhostGym - INFO - Target: [12] Button: 'Clear entry'
2026-01-03 11:58:15,097 - GhostGym - INFO - Action result: Clicked [12] 'Clear entry'
2026-01-03 11:58:16,598 - GhostGym - INFO - Verifying screen change...
2026-01-03 11:58:16,811 - GhostGym - INFO - Scanning UI tree...
2026-01-03 11:58:17,019 - GhostGym - INFO - Active window: Window: Calculator
2026-01-03 11:58:17,020 - GhostGym - INFO - Target: [12] Button: 'Clear entry'
2026-01-03 11:58:17,125 - GhostGym - INFO - Action result: Clicked [12] 'Clear entry'
2026-01-03 11:58:18,626 - GhostGym - INFO - Verifying screen change...
2026-01-03 11:58:18,849 - GhostGym - INFO - Scanning UI tree...
2026-01-03 11:58:19,061 - GhostGym - INFO - Active window: Window: Calculator
2026-01-03 11:58:19,061 - GhostGym - INFO - Target: [10] Button: 'Memory store'
2026-01-03 11:58:19,167 - GhostGym - INFO - Action result: Clicked [10] 'Memory store'
2026-01-03 11:58:20,668 - GhostGym - INFO - Verifying screen change...
2026-01-03 11:58:20,890 - GhostGym - INFO - [36m[+] Saved: 'Click Memory store button' -> ID 10[0m
2026-01-03 11:58:20,890 - GhostGym - INFO - Scanning UI tree...
2026-01-03 11:58:21,110 - GhostGym - INFO - Active window: Window: Calculator
2026-01-03 11:58:21,111 - GhostGym - INFO - Target: [19] Button: 'Multiply by'
2026-01-03 11:58:21,216 - GhostGym - INFO - Action result: Clicked [19] 'Multiply by'
2026-01-03 11:58:22,718 - GhostGym - INFO - Verifying screen change...
2026-01-03 11:58:22,933 - GhostGym - INFO - Scanning UI tree...
2026-01-03 11:58:23,151 - GhostGym - INFO - Active window: Window: Calculator
2026-01-03 11:58:23,152 - GhostGym - INFO - Target: [6] Button: 'Clear all memory'
2026-01-03 11:58:23,258 - GhostGym - INFO - Action result: Clicked [6] 'Clear all memory'
2026-01-03 11:58:24,759 - GhostGym - INFO - Verifying screen change...
2026-01-03 11:58:24,985 - GhostGym - INFO - [36m[+] Saved: 'Click Clear all memory button' -> ID 6[0m
2026-01-03 11:58:24,986 - GhostGym - INFO - Scanning UI tree...
2026-01-03 11:58:25,204 - GhostGym - INFO - Active window: Window: Calculator
2026-01-03 11:58:25,204 - GhostGym - INFO - Target: [1] MenuItem: 'System'
2026-01-03 11:58:25,311 - GhostGym - INFO - Action result: Clicked [1] 'System'
2026-01-03 11:58:26,812 - GhostGym - INFO - Verifying screen change...
2026-01-03 11:58:27,022 - GhostGym - INFO - Scanning UI tree...
2026-01-03 11:58:27,267 - GhostGym - INFO - Active window: Window: Calculator
2026-01-03 11:58:27,267 - GhostGym - INFO - Target: [14] Button: 'Backspace'
2026-01-03 11:58:27,373 - GhostGym - INFO - Action result: Clicked [14] 'Backspace'
2026-01-03 11:58:28,874 - GhostGym - INFO - Verifying screen change...
2026-01-03 11:58:29,094 - GhostGym - INFO - Scanning UI tree...
2026-01-03 11:58:29,312 - GhostGym - INFO - Active window: Window: Calculator
2026-01-03 11:58:29,313 - GhostGym - INFO - Target: [32] Button: 'Nine'
2026-01-03 11:58:29,419 - GhostGym - INFO - Action result: Clicked [32] 'Nine'
2026-01-03 11:58:30,920 - GhostGym - INFO - Verifying screen change...
2026-01-03 11:58:31,142 - GhostGym - INFO - Scanning UI tree...
2026-01-03 11:58:31,354 - GhostGym - INFO - Active window: Window: Calculator
2026-01-03 11:58:31,354 - GhostGym - INFO - Target: [16] Button: 'Square'
2026-01-03 11:58:31,460 - GhostGym - INFO - Action result: Clicked [16] 'Square'
2026-01-03 11:58:32,961 - GhostGym - INFO - Verifying screen change...
2026-01-03 11:58:33,185 - GhostGym - INFO - Scanning UI tree...
2026-01-03 11:58:33,404 - GhostGym - INFO - Active window: Window: Calculator
2026-01-03 11:58:33,405 - GhostGym - INFO - Target: [2] Button: 'Minimize Calculator'
2026-01-03 11:58:33,509 - GhostGym - INFO - Action result: Clicked [2] 'Minimize Calculator'
2026-01-03 11:58:35,010 - GhostGym - INFO - Verifying screen change...
2026-01-03 11:58:36,241 - GhostGym - INFO - [36m[+] Saved: 'Click Minimize Calculator button' -> ID 2[0m
2026-01-03 11:58:36,241 - GhostGym - INFO - Scanning UI tree...
2026-01-03 11:58:39,545 - GhostGym - INFO - Scanning UI tree...
2026-01-03 11:58:42,770 - GhostGym - INFO - Scanning UI tree...
2026-01-03 11:58:46,006 - GhostGym - INFO - Scanning UI tree...
2026-01-03 11:58:49,253 - GhostGym - INFO - Scanning UI tree...
2026-01-03 11:58:52,506 - GhostGym - INFO - Scanning UI tree...
2026-01-03 11:58:55,746 - GhostGym - INFO - Scanning UI tree...
2026-01-03 11:58:59,010 - GhostGym - INFO - Scanning UI tree...
2026-01-03 11:59:02,249 - GhostGym - INFO - Scanning UI tree...
2026-01-03 11:59:05,497 - GhostGym - INFO - Scanning UI tree...
2026-01-03 11:59:08,767 - GhostGym - INFO - Scanning UI tree...
2026-01-03 11:59:12,062 - GhostGym - INFO - Scanning UI tree...
2026-01-03 11:59:15,303 - GhostGym - INFO - Scanning UI tree...
2026-01-03 11:59:18,555 - GhostGym - INFO - Scanning UI tree...
2026-01-03 11:59:21,790 - GhostGym - INFO - Scanning UI tree...
2026-01-03 11:59:25,183 - GhostGym - INFO - Scanning UI tree...
2026-01-03 11:59:28,448 - GhostGym - INFO - Scanning UI tree...
2026-01-03 11:59:31,700 - GhostGym - INFO - Scanning UI tree...
2026-01-03 11:59:34,946 - GhostGym - INFO - Scanning UI tree...
2026-01-03 11:59:38,208 - GhostGym - INFO - Scanning UI tree...
2026-01-03 11:59:41,515 - GhostGym - INFO - Scanning UI tree...
2026-01-03 11:59:44,756 - GhostGym - INFO - Scanning UI tree...
2026-01-03 11:59:48,004 - GhostGym - INFO - Scanning UI tree...
2026-01-03 11:59:51,314 - GhostGym - INFO - Scanning UI tree...
2026-01-03 11:59:54,605 - GhostGym - INFO - Scanning UI tree...
2026-01-03 11:59:57,861 - GhostGym - INFO - Scanning UI tree...
2026-01-03 12:00:01,100 - GhostGym - INFO - Scanning UI tree...
2026-01-03 12:00:04,362 - GhostGym - INFO - Scanning UI tree...
2026-01-03 12:00:07,589 - GhostGym - INFO - Scanning UI tree...
2026-01-03 12:00:10,870 - GhostGym - INFO - Scanning UI tree...
2026-01-03 12:00:14,116 - GhostGym - INFO - Scanning UI tree...
2026-01-03 12:00:17,386 - GhostGym - INFO - Scanning UI tree...
2026-01-03 12:00:20,706 - GhostGym - INFO - Scanning UI tree...
2026-01-03 12:00:23,953 - GhostGym - INFO - Scanning UI tree...
2026-01-03 12:00:27,202 - GhostGym - INFO - Scanning UI tree...
2026-01-03 12:00:34,063 - GhostGym - INFO - Scanning UI tree...
2026-01-03 12:00:37,293 - GhostGym - INFO - Scanning UI tree...
2026-01-03 12:00:40,545 - GhostGym - INFO - Scanning UI tree...
2026-01-03 12:00:43,781 - GhostGym - INFO - Scanning UI tree...
2026-01-03 12:00:47,028 - GhostGym - INFO - Scanning UI tree...
2026-01-03 12:00:50,262 - GhostGym - INFO - Scanning UI tree...
2026-01-03 12:00:53,494 - GhostGym - INFO - Scanning UI tree...
2026-01-03 12:00:56,721 - GhostGym - INFO - Scanning UI tree...
2026-01-03 12:00:59,944 - GhostGym - INFO - Scanning UI tree...
2026-01-03 12:01:03,171 - GhostGym - INFO - Scanning UI tree...
2026-01-03 12:01:06,405 - GhostGym - INFO - Scanning UI tree...
2026-01-03 12:01:09,635 - GhostGym - INFO - Scanning UI tree...
2026-01-03 12:01:12,864 - GhostGym - INFO - Scanning UI tree...
2026-01-03 12:01:16,093 - GhostGym - INFO - Scanning UI tree...
2026-01-03 12:01:19,330 - GhostGym - INFO - Scanning UI tree...
2026-01-03 12:01:22,628 - GhostGym - INFO - Scanning UI tree...
2026-01-03 12:01:25,876 - GhostGym - INFO - Scanning UI tree...
2026-01-03 12:01:29,105 - GhostGym - INFO - Scanning UI tree...
2026-01-03 12:01:32,344 - GhostGym - INFO - Scanning UI tree...
2026-01-03 12:01:35,578 - GhostGym - INFO - Scanning UI tree...
2026-01-03 12:01:38,814 - GhostGym - INFO - Scanning UI tree...
2026-01-03 12:01:42,064 - GhostGym - INFO - Scanning UI tree...
2026-01-03 12:01:45,330 - GhostGym - INFO - Scanning UI tree...
2026-01-03 12:01:48,566 - GhostGym - INFO - Scanning UI tree...
2026-01-03 12:01:51,803 - GhostGym - INFO - Scanning UI tree...
2026-01-03 12:01:55,032 - GhostGym - INFO - Scanning UI tree...
2026-01-03 12:01:58,267 - GhostGym - INFO - Scanning UI tree...
2026-01-03 12:02:01,504 - GhostGym - INFO - Scanning UI tree...
2026-01-03 12:02:04,742 - GhostGym - INFO - Scanning UI tree...
2026-01-03 12:02:07,970 - GhostGym - INFO - Scanning UI tree...
2026-01-03 12:02:11,195 - GhostGym - INFO - Scanning UI tree...
2026-01-03 12:02:14,438 - GhostGym - INFO - Scanning UI tree...
2026-01-03 12:02:17,683 - GhostGym - INFO - Scanning UI tree...
2026-01-03 12:02:20,912 - GhostGym - INFO - Scanning UI tree...
2026-01-03 12:02:24,153 - GhostGym - INFO - Scanning UI tree...
2026-01-03 12:02:27,420 - GhostGym - INFO - Scanning UI tree...
2026-01-03 12:02:30,656 - GhostGym - INFO - Scanning UI tree...
2026-01-03 12:02:33,886 - GhostGym - INFO - Scanning UI tree...
2026-01-03 12:02:37,698 - GhostGym - INFO - Scanning UI tree...
2026-01-03 12:02:41,371 - GhostGym - INFO - Scanning UI tree...
2026-01-03 12:02:45,097 - GhostGym - INFO - Scanning UI tree...
2026-01-03 12:02:48,984 - GhostGym - INFO - Scanning UI tree...
2026-01-03 12:02:52,537 - GhostGym - INFO - Scanning UI tree...
2026-01-03 12:02:56,094 - GhostGym - INFO - Scanning UI tree...
2026-01-03 12:02:59,983 - GhostGym - INFO - Scanning UI tree...
2026-01-03 12:03:03,881 - GhostGym - INFO - Scanning UI tree...
2026-01-03 12:03:07,480 - GhostGym - INFO - Scanning UI tree...
2026-01-03 12:03:11,050 - GhostGym - INFO - Scanning UI tree...
2026-01-03 12:03:14,362 - GhostGym - INFO - Scanning UI tree...
2026-01-03 12:03:17,652 - GhostGym - INFO - Scanning UI tree...
2026-01-03 12:03:20,936 - GhostGym - INFO - Scanning UI tree...
2026-01-03 12:03:24,292 - GhostGym - INFO - Scanning UI tree...
2026-01-03 12:03:27,538 - GhostGym - INFO - Scanning UI tree...
2026-01-03 12:03:30,784 - GhostGym - INFO - Scanning UI tree...
2026-01-03 12:03:34,023 - GhostGym - INFO - Scanning UI tree...
2026-01-03 12:03:37,277 - GhostGym - INFO - Scanning UI tree...
2026-01-03 12:03:40,561 - GhostGym - INFO - Scanning UI tree...
2026-01-03 12:03:43,807 - GhostGym - INFO - Scanning UI tree...
2026-01-03 12:03:47,066 - GhostGym - INFO - Scanning UI tree...
2026-01-03 12:03:50,320 - GhostGym - INFO - Scanning UI tree...
2026-01-03 12:03:53,566 - GhostGym - INFO - Scanning UI tree...
2026-01-03 12:03:56,808 - GhostGym - INFO - Scanning UI tree...
2026-01-03 12:04:00,060 - GhostGym - INFO - Scanning UI tree...
2026-01-03 12:04:03,312 - GhostGym - INFO - Scanning UI tree...
2026-01-03 12:04:06,550 - GhostGym - INFO - Scanning UI tree...
2026-01-03 12:04:10,444 - GhostGym - INFO - Scanning UI tree...
2026-01-03 12:04:13,752 - GhostGym - INFO - Scanning UI tree...
2026-01-03 12:04:17,389 - GhostGym - INFO - Scanning UI tree...
2026-01-03 12:04:20,794 - GhostGym - INFO - Scanning UI tree...
2026-01-03 12:04:24,228 - GhostGym - INFO - Scanning UI tree...
2026-01-03 12:04:27,689 - GhostGym - INFO - Scanning UI tree...
2026-01-03 12:04:31,125 - GhostGym - INFO - Scanning UI tree...
2026-01-03 12:04:34,653 - GhostGym - INFO - Scanning UI tree...
2026-01-03 12:04:38,109 - GhostGym - INFO - Scanning UI tree...
2026-01-03 12:04:41,736 - GhostGym - INFO - Scanning UI tree...
2026-01-03 12:04:45,211 - GhostGym - INFO - Scanning UI tree...
2026-01-03 12:04:48,678 - GhostGym - INFO - Scanning UI tree...
2026-01-03 12:04:52,086 - GhostGym - INFO - Scanning UI tree...
2026-01-03 12:04:55,429 - GhostGym - INFO - Scanning UI tree...
2026-01-03 12:04:58,762 - GhostGym - INFO - Scanning UI tree...
2026-01-03 12:05:02,098 - GhostGym - INFO - Scanning UI tree...
2026-01-03 12:05:05,434 - GhostGym - INFO - Scanning UI tree...
2026-01-03 12:05:08,766 - GhostGym - INFO - Scanning UI tree...
2026-01-03 12:05:12,092 - GhostGym - INFO - Scanning UI tree...
2026-01-03 12:05:15,633 - GhostGym - INFO - Scanning UI tree...
2026-01-03 12:05:18,967 - GhostGym - INFO - Scanning UI tree...
2026-01-03 12:05:22,562 - GhostGym - INFO - Scanning UI tree...
2026-01-03 12:05:25,883 - GhostGym - INFO - Scanning UI tree...
2026-01-03 12:05:29,236 - GhostGym - INFO - Scanning UI tree...
2026-01-03 12:05:32,545 - GhostGym - INFO - Scanning UI tree...
2026-01-03 12:05:35,883 - GhostGym - INFO - Scanning UI tree...
2026-01-03 12:05:39,436 - GhostGym - INFO - Scanning UI tree...
2026-01-03 12:05:42,990 - GhostGym - INFO - Scanning UI tree...
2026-01-03 12:05:46,644 - GhostGym - INFO - Scanning UI tree...
2026-01-03 12:05:50,063 - GhostGym - INFO - Scanning UI tree...
2026-01-03 12:05:53,678 - GhostGym - INFO - Scanning UI tree...
2026-01-03 12:05:57,066 - GhostGym - INFO - Scanning UI tree...
2026-01-03 12:06:00,441 - GhostGym - INFO - Scanning UI tree...
2026-01-03 12:06:03,790 - GhostGym - INFO - Scanning UI tree...
2026-01-03 12:06:07,147 - GhostGym - INFO - Scanning UI tree...
2026-01-03 12:06:10,510 - GhostGym - INFO - Scanning UI tree...
2026-01-03 12:06:13,867 - GhostGym - INFO - Scanning UI tree...
2026-01-03 12:06:17,262 - GhostGym - INFO - Scanning UI tree...
2026-01-03 12:06:20,643 - GhostGym - INFO - Scanning UI tree...
2026-01-03 12:06:24,074 - GhostGym - INFO - Scanning UI tree...
2026-01-03 12:06:27,456 - GhostGym - INFO - Scanning UI tree...
2026-01-03 12:06:30,826 - GhostGym - INFO - Scanning UI tree...
2026-01-03 12:06:34,200 - GhostGym - INFO - Scanning UI tree...
2026-01-03 12:06:37,592 - GhostGym - INFO - Scanning UI tree...
2026-01-03 12:06:41,092 - GhostGym - INFO - Scanning UI tree...
2026-01-03 12:06:44,495 - GhostGym - INFO - Scanning UI tree...
2026-01-03 12:06:47,923 - GhostGym - INFO - Scanning UI tree...
2026-01-03 12:06:51,328 - GhostGym - INFO - Scanning UI tree...
2026-01-03 12:06:54,684 - GhostGym - INFO - Scanning UI tree...
2026-01-03 12:06:58,061 - GhostGym - INFO - Scanning UI tree...
2026-01-03 12:07:01,449 - GhostGym - INFO - Scanning UI tree...
2026-01-03 12:07:04,835 - GhostGym - INFO - Scanning UI tree...
2026-01-03 12:07:08,215 - GhostGym - INFO - Scanning UI tree...
2026-01-03 12:07:11,546 - GhostGym - INFO - Scanning UI tree...
2026-01-03 12:07:14,848 - GhostGym - INFO - Scanning UI tree...
2026-01-03 12:07:18,141 - GhostGym - INFO - Scanning UI tree...
2026-01-03 12:07:21,447 - GhostGym - INFO - Scanning UI tree...
2026-01-03 12:07:24,751 - GhostGym - INFO - Scanning UI tree...
2026-01-03 12:07:28,060 - GhostGym - INFO - Scanning UI tree...
2026-01-03 12:07:31,343 - GhostGym - INFO - Scanning UI tree...
2026-01-03 12:07:34,648 - GhostGym - INFO - Scanning UI tree...
2026-01-03 12:07:37,940 - GhostGym - INFO - Scanning UI tree...
2026-01-03 12:07:41,293 - GhostGym - INFO - Scanning UI tree...
2026-01-03 12:07:44,568 - GhostGym - INFO - Scanning UI tree...
2026-01-03 12:07:47,856 - GhostGym - INFO - Scanning UI tree...
2026-01-03 12:07:51,164 - GhostGym - INFO - Scanning UI tree...
2026-01-03 12:07:54,411 - GhostGym - INFO - Scanning UI tree...
2026-01-03 12:07:57,667 - GhostGym - INFO - Scanning UI tree...
2026-01-03 12:08:00,920 - GhostGym - INFO - Scanning UI tree...
2026-01-03 12:08:04,172 - GhostGym - INFO - Scanning UI tree...
2026-01-03 12:08:07,403 - GhostGym - INFO - Scanning UI tree...
2026-01-03 12:08:10,673 - GhostGym - INFO - Scanning UI tree...
2026-01-03 12:08:13,922 - GhostGym - INFO - Scanning UI tree...
2026-01-03 12:08:17,161 - GhostGym - INFO - Scanning UI tree...
2026-01-03 12:08:20,407 - GhostGym - INFO - Scanning UI tree...
2026-01-03 12:08:23,632 - GhostGym - INFO - Scanning UI tree...
2026-01-03 12:08:26,870 - GhostGym - INFO - Scanning UI tree...
2026-01-03 12:08:30,105 - GhostGym - INFO - Scanning UI tree...
2026-01-03 12:08:33,329 - GhostGym - INFO - Scanning UI tree...
2026-01-03 12:08:36,562 - GhostGym - INFO - Scanning UI tree...
2026-01-03 12:08:39,802 - GhostGym - INFO - Scanning UI tree...
2026-01-03 12:08:43,040 - GhostGym - INFO - Scanning UI tree...
2026-01-03 12:08:46,301 - GhostGym - INFO - Scanning UI tree...
2026-01-03 12:08:49,532 - GhostGym - INFO - Scanning UI tree...
2026-01-03 12:08:52,760 - GhostGym - INFO - Scanning UI tree...
2026-01-03 12:08:56,001 - GhostGym - INFO - Scanning UI tree...
2026-01-03 12:08:59,237 - GhostGym - INFO - Scanning UI tree...
2026-01-03 12:09:02,470 - GhostGym - INFO - Scanning UI tree...
2026-01-03 12:09:05,701 - GhostGym - INFO - Scanning UI tree...
2026-01-03 12:09:08,932 - GhostGym - INFO - Scanning UI tree...
2026-01-03 12:09:12,211 - GhostGym - INFO - Scanning UI tree...
2026-01-03 12:09:15,447 - GhostGym - INFO - Scanning UI tree...
2026-01-03 12:09:18,760 - GhostGym - INFO - Scanning UI tree...
2026-01-03 12:09:21,992 - GhostGym - INFO - Scanning UI tree...
2026-01-03 12:09:25,215 - GhostGym - INFO - Scanning UI tree...
2026-01-03 12:09:28,452 - GhostGym - INFO - Scanning UI tree...
2026-01-03 12:09:31,796 - GhostGym - INFO - Scanning UI tree...
2026-01-03 12:09:35,061 - GhostGym - INFO - Scanning UI tree...
2026-01-03 12:09:38,306 - GhostGym - INFO - Scanning UI tree...
2026-01-03 12:09:41,616 - GhostGym - INFO - Scanning UI tree...
2026-01-03 12:09:44,858 - GhostGym - INFO - Scanning UI tree...
2026-01-03 12:09:48,099 - GhostGym - INFO - Scanning UI tree...
2026-01-03 12:09:51,326 - GhostGym - INFO - Scanning UI tree...
2026-01-03 12:09:54,586 - GhostGym - INFO - Scanning UI tree...
2026-01-03 12:09:57,849 - GhostGym - INFO - Scanning UI tree...
2026-01-03 12:10:01,093 - GhostGym - INFO - Scanning UI tree...
2026-01-03 12:10:04,333 - GhostGym - INFO - Scanning UI tree...
2026-01-03 12:10:07,557 - GhostGym - INFO - Scanning UI tree...
2026-01-03 12:10:10,791 - GhostGym - INFO - Scanning UI tree...
2026-01-03 12:10:14,024 - GhostGym - INFO - Scanning UI tree...
2026-01-03 12:10:17,275 - GhostGym - INFO - Scanning UI tree...
2026-01-03 12:10:20,507 - GhostGym - INFO - Scanning UI tree...
2026-01-03 12:10:23,745 - GhostGym - INFO - Scanning UI tree...
2026-01-03 12:10:26,992 - GhostGym - INFO - Scanning UI tree...
2026-01-03 12:10:30,231 - GhostGym - INFO - Scanning UI tree...
2026-01-03 12:10:33,468 - GhostGym - INFO - Scanning UI tree...
2026-01-03 12:10:36,718 - GhostGym - INFO - Scanning UI tree...
2026-01-03 12:10:39,997 - GhostGym - INFO - Scanning UI tree...
2026-01-03 12:10:43,239 - GhostGym - INFO - Scanning UI tree...
2026-01-03 12:10:46,481 - GhostGym - INFO - Scanning UI tree...
2026-01-03 12:10:49,716 - GhostGym - INFO - Scanning UI tree...
2026-01-03 12:10:52,993 - GhostGym - INFO - Scanning UI tree...
2026-01-03 12:10:56,229 - GhostGym - INFO - Scanning UI tree...
2026-01-03 12:10:59,458 - GhostGym - INFO - Scanning UI tree...
2026-01-03 12:11:02,707 - GhostGym - INFO - Scanning UI tree...
2026-01-03 12:11:05,959 - GhostGym - INFO - Scanning UI tree...
2026-01-03 12:11:09,510 - GhostGym - INFO - Scanning UI tree...
2026-01-03 12:11:13,017 - GhostGym - INFO - Scanning UI tree...
2026-01-03 12:11:16,550 - GhostGym - INFO - Scanning UI tree...
2026-01-03 12:11:20,297 - GhostGym - INFO - Scanning UI tree...
2026-01-03 12:11:23,672 - GhostGym - INFO - Scanning UI tree...
2026-01-03 12:11:27,097 - GhostGym - INFO - Scanning UI tree...
2026-01-03 12:11:30,345 - GhostGym - INFO - Scanning UI tree...
2026-01-03 12:11:33,583 - GhostGym - INFO - Scanning UI tree...
2026-01-03 12:11:36,831 - GhostGym - INFO - Scanning UI tree...
2026-01-03 12:11:40,068 - GhostGym - INFO - Scanning UI tree...
2026-01-03 12:11:43,315 - GhostGym - INFO - Scanning UI tree...
2026-01-03 12:11:46,570 - GhostGym - INFO - Scanning UI tree...
2026-01-03 12:11:49,812 - GhostGym - INFO - Scanning UI tree...
2026-01-03 12:11:53,053 - GhostGym - INFO - Scanning UI tree...
2026-01-03 12:11:56,331 - GhostGym - INFO - Scanning UI tree...
2026-01-03 12:11:59,577 - GhostGym - INFO - Scanning UI tree...
2026-01-03 12:12:02,832 - GhostGym - INFO - Scanning UI tree...
2026-01-03 12:12:06,073 - GhostGym - INFO - Scanning UI tree...
2026-01-03 12:12:09,321 - GhostGym - INFO - Scanning UI tree...
2026-01-03 12:12:12,567 - GhostGym - INFO - Scanning UI tree...
2026-01-03 12:12:15,814 - GhostGym - INFO - Scanning UI tree...
2026-01-03 12:12:19,051 - GhostGym - INFO - Scanning UI tree...
2026-01-03 12:12:22,333 - GhostGym - INFO - Scanning UI tree...
2026-01-03 12:12:25,561 - GhostGym - INFO - Scanning UI tree...
2026-01-03 12:12:28,846 - GhostGym - INFO - Scanning UI tree...
2026-01-03 12:12:32,238 - GhostGym - INFO - Scanning UI tree...
2026-01-03 12:12:36,327 - GhostGym - INFO - Scanning UI tree...
2026-01-03 12:12:39,683 - GhostGym - INFO - Scanning UI tree...
2026-01-03 12:12:43,098 - GhostGym - INFO - Scanning UI tree...
2026-01-03 12:12:46,374 - GhostGym - INFO - Scanning UI tree...
2026-01-03 12:12:49,632 - GhostGym - INFO - Scanning UI tree...
2026-01-03 12:12:52,880 - GhostGym - INFO - Scanning UI tree...
2026-01-03 12:12:56,124 - GhostGym - INFO - Scanning UI tree...
2026-01-03 12:12:59,374 - GhostGym - INFO - Scanning UI tree...
2026-01-03 12:13:02,640 - GhostGym - INFO - Scanning UI tree...
2026-01-03 12:13:05,874 - GhostGym - INFO - Scanning UI tree...
2026-01-03 12:13:09,149 - GhostGym - INFO - Scanning UI tree...
2026-01-03 12:13:12,395 - GhostGym - INFO - Scanning UI tree...
2026-01-03 12:13:15,650 - GhostGym - INFO - Scanning UI tree...
2026-01-03 12:13:19,014 - GhostGym - INFO - Scanning UI tree...
2026-01-03 12:13:22,253 - GhostGym - INFO - Scanning UI tree...
2026-01-03 12:13:25,504 - GhostGym - INFO - Scanning UI tree...
2026-01-03 12:13:28,757 - GhostGym - INFO - Scanning UI tree...
2026-01-03 12:13:32,006 - GhostGym - INFO - Scanning UI tree...
2026-01-03 12:13:35,295 - GhostGym - INFO - Scanning UI tree...
2026-01-03 12:13:38,531 - GhostGym - INFO - Scanning UI tree...
2026-01-03 12:13:41,828 - GhostGym - INFO - Scanning UI tree...
2026-01-03 12:13:45,063 - GhostGym - INFO - Scanning UI tree...
2026-01-03 12:13:48,358 - GhostGym - INFO - Scanning UI tree...
2026-01-03 12:13:51,600 - GhostGym - INFO - Scanning UI tree...
2026-01-03 12:13:54,838 - GhostGym - INFO - Scanning UI tree...
2026-01-03 12:13:58,073 - GhostGym - INFO - Scanning UI tree...
2026-01-03 12:14:01,312 - GhostGym - INFO - Scanning UI tree...
2026-01-03 12:14:04,553 - GhostGym - INFO - Scanning UI tree...
2026-01-03 12:14:07,795 - GhostGym - INFO - Scanning UI tree...
2026-01-03 12:14:11,053 - GhostGym - INFO - Scanning UI tree...
2026-01-03 12:14:14,356 - GhostGym - INFO - Scanning UI tree...
2026-01-03 12:14:17,605 - GhostGym - INFO - Scanning UI tree...
2026-01-03 12:14:20,843 - GhostGym - INFO - Scanning UI tree...
2026-01-03 12:14:24,093 - GhostGym - INFO - Scanning UI tree...
2026-01-03 12:14:27,332 - GhostGym - INFO - Scanning UI tree...
2026-01-03 12:14:30,617 - GhostGym - INFO - Scanning UI tree...
2026-01-03 12:14:33,865 - GhostGym - INFO - Scanning UI tree...
2026-01-03 12:14:37,101 - GhostGym - INFO - Scanning UI tree...
2026-01-03 12:14:40,341 - GhostGym - INFO - Scanning UI tree...
2026-01-03 12:14:43,585 - GhostGym - INFO - Scanning UI tree...
2026-01-03 12:14:46,844 - GhostGym - INFO - Scanning UI tree...
2026-01-03 12:14:50,135 - GhostGym - INFO - Scanning UI tree...
2026-01-03 12:14:53,374 - GhostGym - INFO - Scanning UI tree...
2026-01-03 12:14:56,614 - GhostGym - INFO - Scanning UI tree...
2026-01-03 12:14:59,856 - GhostGym - INFO - Scanning UI tree...
2026-01-03 12:15:03,108 - GhostGym - INFO - Scanning UI tree...
2026-01-03 12:15:06,363 - GhostGym - INFO - Scanning UI tree...
2026-01-03 12:15:09,609 - GhostGym - INFO - Scanning UI tree...
2026-01-03 12:15:12,844 - GhostGym - INFO - Scanning UI tree...
2026-01-03 12:15:16,084 - GhostGym - INFO - Scanning UI tree...
2026-01-03 12:15:19,316 - GhostGym - INFO - Scanning UI tree...
2026-01-03 12:15:22,637 - GhostGym - INFO - Scanning UI tree...
2026-01-03 12:15:25,872 - GhostGym - INFO - Scanning UI tree...
2026-01-03 12:15:29,110 - GhostGym - INFO - Scanning UI tree...
2026-01-03 12:15:32,355 - GhostGym - INFO - Scanning UI tree...
2026-01-03 12:15:35,586 - GhostGym - INFO - Scanning UI tree...
2026-01-03 12:15:38,808 - GhostGym - INFO - Scanning UI tree...
2026-01-03 12:15:42,092 - GhostGym - INFO - Scanning UI tree...
2026-01-03 12:15:45,350 - GhostGym - INFO - Scanning UI tree...
2026-01-03 12:15:48,590 - GhostGym - INFO - Scanning UI tree...
2026-01-03 12:15:51,827 - GhostGym - INFO - Scanning UI tree...
2026-01-03 12:15:55,058 - GhostGym - INFO - Scanning UI tree...
2026-01-03 12:15:58,300 - GhostGym - INFO - Scanning UI tree...
2026-01-03 12:16:01,552 - GhostGym - INFO - Scanning UI tree...
2026-01-03 12:16:04,803 - GhostGym - INFO - Scanning UI tree...
2026-01-03 12:16:08,053 - GhostGym - INFO - Scanning UI tree...
2026-01-03 12:16:11,295 - GhostGym - INFO - Scanning UI tree...
2026-01-03 12:16:14,553 - GhostGym - INFO - Scanning UI tree...
2026-01-03 12:16:17,798 - GhostGym - INFO - Scanning UI tree...
2026-01-03 12:16:21,042 - GhostGym - INFO - Scanning UI tree...
2026-01-03 12:16:24,289 - GhostGym - INFO - Scanning UI tree...
2026-01-03 12:16:27,524 - GhostGym - INFO - Scanning UI tree...
2026-01-03 12:16:30,762 - GhostGym - INFO - Scanning UI tree...
2026-01-03 12:16:34,003 - GhostGym - INFO - Scanning UI tree...
2026-01-03 12:16:37,239 - GhostGym - INFO - Scanning UI tree...
2026-01-03 12:16:40,490 - GhostGym - INFO - Scanning UI tree...
2026-01-03 12:16:43,737 - GhostGym - INFO - Scanning UI tree...
2026-01-03 12:16:47,006 - GhostGym - INFO - Scanning UI tree...
2026-01-03 12:16:50,350 - GhostGym - INFO - Scanning UI tree...
2026-01-03 12:16:53,637 - GhostGym - INFO - Scanning UI tree...
2026-01-03 12:16:56,865 - GhostGym - INFO - Scanning UI tree...
2026-01-03 12:17:00,103 - GhostGym - INFO - Scanning UI tree...
2026-01-03 12:17:03,352 - GhostGym - INFO - Scanning UI tree...
2026-01-03 12:17:06,591 - GhostGym - INFO - Scanning UI tree...
2026-01-03 12:17:09,824 - GhostGym - INFO - Scanning UI tree...
2026-01-03 12:17:13,063 - GhostGym - INFO - Scanning UI tree...
2026-01-03 12:17:16,305 - GhostGym - INFO - Scanning UI tree...
2026-01-03 12:17:19,529 - GhostGym - INFO - Scanning UI tree...
2026-01-03 12:17:22,766 - GhostGym - INFO - Scanning UI tree...
2026-01-03 12:17:26,005 - GhostGym - INFO - Scanning UI tree...
2026-01-03 12:17:29,241 - GhostGym - INFO - Scanning UI tree...
2026-01-03 12:17:32,483 - GhostGym - INFO - Scanning UI tree...
2026-01-03 12:17:35,716 - GhostGym - INFO - Scanning UI tree...
2026-01-03 12:17:38,953 - GhostGym - INFO - Scanning UI tree...
2026-01-03 12:17:42,192 - GhostGym - INFO - Scanning UI tree...
2026-01-03 12:17:45,437 - GhostGym - INFO - Scanning UI tree...
2026-01-03 12:17:48,678 - GhostGym - INFO - Scanning UI tree...
2026-01-03 12:17:51,955 - GhostGym - INFO - Scanning UI tree...
2026-01-03 12:17:55,195 - GhostGym - INFO - Scanning UI tree...
2026-01-03 12:17:58,463 - GhostGym - INFO - Scanning UI tree...
2026-01-03 12:18:01,711 - GhostGym - INFO - Scanning UI tree...
2026-01-03 12:18:04,964 - GhostGym - INFO - Scanning UI tree...
2026-01-03 12:18:08,196 - GhostGym - INFO - Scanning UI tree...
2026-01-03 12:18:11,437 - GhostGym - INFO - Scanning UI tree...
2026-01-03 12:18:14,666 - GhostGym - INFO - Scanning UI tree...
2026-01-03 12:18:17,947 - GhostGym - INFO - Scanning UI tree...
2026-01-03 12:18:21,178 - GhostGym - INFO - Scanning UI tree...
2026-01-03 12:18:24,418 - GhostGym - INFO - Scanning UI tree...
2026-01-03 12:18:27,659 - GhostGym - INFO - Scanning UI tree...
2026-01-03 12:18:30,899 - GhostGym - INFO - Scanning UI tree...
2026-01-03 12:18:34,140 - GhostGym - INFO - Scanning UI tree...
2026-01-03 12:18:37,384 - GhostGym - INFO - Scanning UI tree...
2026-01-03 12:18:40,619 - GhostGym - INFO - Scanning UI tree...
2026-01-03 12:18:43,859 - GhostGym - INFO - Scanning UI tree...
2026-01-03 12:18:47,105 - GhostGym - INFO - Scanning UI tree...
2026-01-03 12:18:50,332 - GhostGym - INFO - Scanning UI tree...
2026-01-03 12:18:53,574 - GhostGym - INFO - Scanning UI tree...
2026-01-03 12:18:56,827 - GhostGym - INFO - Scanning UI tree...
2026-01-03 12:19:00,061 - GhostGym - INFO - Scanning UI tree...
2026-01-03 12:19:03,295 - GhostGym - INFO - Scanning UI tree...
2026-01-03 12:19:06,534 - GhostGym - INFO - Scanning UI tree...
2026-01-03 12:19:09,807 - GhostGym - INFO - Scanning UI tree...
2026-01-03 12:19:13,038 - GhostGym - INFO - Scanning UI tree...
2026-01-03 12:19:16,280 - GhostGym - INFO - Scanning UI tree...
2026-01-03 12:19:19,531 - GhostGym - INFO - Scanning UI tree...
2026-01-03 12:19:22,775 - GhostGym - INFO - Scanning UI tree...
2026-01-03 12:19:26,005 - GhostGym - INFO - Scanning UI tree...
2026-01-03 12:19:29,241 - GhostGym - INFO - Scanning UI tree...
2026-01-03 12:19:32,484 - GhostGym - INFO - Scanning UI tree...
2026-01-03 12:19:35,721 - GhostGym - INFO - Scanning UI tree...
2026-01-03 12:19:38,957 - GhostGym - INFO - Scanning UI tree...
2026-01-03 12:19:42,224 - GhostGym - INFO - Scanning UI tree...
2026-01-03 12:19:45,447 - GhostGym - INFO - Scanning UI tree...
2026-01-03 12:19:48,695 - GhostGym - INFO - Scanning UI tree...
2026-01-03 12:19:51,928 - GhostGym - INFO - Scanning UI tree...
2026-01-03 12:19:55,163 - GhostGym - INFO - Scanning UI tree...
2026-01-03 12:19:58,408 - GhostGym - INFO - Scanning UI tree...
2026-01-03 12:20:01,660 - GhostGym - INFO - Scanning UI tree...
2026-01-03 12:20:04,896 - GhostGym - INFO - Scanning UI tree...
2026-01-03 12:20:08,137 - GhostGym - INFO - Scanning UI tree...
2026-01-03 12:20:11,368 - GhostGym - INFO - Scanning UI tree...
2026-01-03 12:20:14,632 - GhostGym - INFO - Scanning UI tree...
2026-01-03 12:20:17,886 - GhostGym - INFO - Scanning UI tree...
2026-01-03 12:20:21,160 - GhostGym - INFO - Scanning UI tree...
2026-01-03 12:20:24,391 - GhostGym - INFO - Scanning UI tree...
2026-01-03 12:20:27,628 - GhostGym - INFO - Scanning UI tree...
2026-01-03 12:20:30,848 - GhostGym - INFO - Scanning UI tree...
2026-01-03 12:20:34,088 - GhostGym - INFO - Scanning UI tree...
2026-01-03 12:20:37,319 - GhostGym - INFO - Scanning UI tree...
2026-01-03 12:20:40,559 - GhostGym - INFO - Scanning UI tree...
2026-01-03 12:20:43,812 - GhostGym - INFO - Scanning UI tree...
2026-01-03 12:20:47,072 - GhostGym - INFO - Scanning UI tree...
2026-01-03 12:20:50,308 - GhostGym - INFO - Scanning UI tree...
2026-01-03 12:20:53,550 - GhostGym - INFO - Scanning UI tree...
2026-01-03 12:20:56,810 - GhostGym - INFO - Scanning UI tree...
2026-01-03 12:21:00,052 - GhostGym - INFO - Scanning UI tree...
2026-01-03 12:21:03,292 - GhostGym - INFO - Scanning UI tree...
2026-01-03 12:21:06,547 - GhostGym - INFO - Scanning UI tree...
2026-01-03 12:21:09,776 - GhostGym - INFO - Scanning UI tree...
2026-01-03 12:21:13,010 - GhostGym - INFO - Scanning UI tree...
2026-01-03 12:21:16,251 - GhostGym - INFO - Scanning UI tree...
2026-01-03 12:21:19,490 - GhostGym - INFO - Scanning UI tree...
2026-01-03 12:21:22,721 - GhostGym - INFO - Scanning UI tree...
2026-01-03 12:21:25,959 - GhostGym - INFO - Scanning UI tree...
2026-01-03 12:21:29,187 - GhostGym - INFO - Scanning UI tree...
2026-01-03 12:21:32,465 - GhostGym - INFO - Scanning UI tree...
2026-01-03 12:21:35,711 - GhostGym - INFO - Scanning UI tree...
2026-01-03 12:21:38,947 - GhostGym - INFO - Scanning UI tree...
2026-01-03 12:21:42,181 - GhostGym - INFO - Scanning UI tree...
2026-01-03 12:21:45,401 - GhostGym - INFO - Scanning UI tree...
2026-01-03 12:21:48,636 - GhostGym - INFO - Scanning UI tree...
2026-01-03 12:21:51,860 - GhostGym - INFO - Scanning UI tree...
2026-01-03 12:21:55,085 - GhostGym - INFO - Scanning UI tree...
2026-01-03 12:21:58,322 - GhostGym - INFO - Scanning UI tree...
2026-01-03 12:22:01,552 - GhostGym - INFO - Scanning UI tree...
2026-01-03 12:22:04,788 - GhostGym - INFO - Scanning UI tree...
2026-01-03 12:22:08,010 - GhostGym - INFO - Scanning UI tree...
2026-01-03 12:22:11,241 - GhostGym - INFO - Scanning UI tree...
2026-01-03 12:22:14,465 - GhostGym - INFO - Scanning UI tree...
2026-01-03 12:22:17,689 - GhostGym - INFO - Scanning UI tree...
2026-01-03 12:22:20,918 - GhostGym - INFO - Scanning UI tree...
2026-01-03 12:22:24,145 - GhostGym - INFO - Scanning UI tree...
2026-01-03 12:22:27,479 - GhostGym - INFO - Ghost Gym session ended.
